  Determining projects to restore...
D:\Documents\╫⌐╫¿╫ש\╫£╫ש╫₧╫ץ╫ף╫ש╫¥\microservise\server\Shared\SharedModels\SharedModels.csproj : warning NU1902: Package 'System.IdentityModel.Tokens.Jwt' 7.0.3 has a known moderate severity vulnerability, https://github.com/advisories/GHSA-59j7-ghrg-fj52 [D:\Documents\╫⌐╫¿╫ש\╫£╫ש╫₧╫ץ╫ף╫ש╫¥\microservise\server\mecira-microservices.sln]
  All projects are up-to-date for restore.
D:\Documents\╫⌐╫¿╫ש\╫£╫ש╫₧╫ץ╫ף╫ש╫¥\microservise\server\Shared\SharedModels\SharedModels.csproj : warning NU1902: Package 'System.IdentityModel.Tokens.Jwt' 7.0.3 has a known moderate severity vulnerability, https://github.com/advisories/GHSA-59j7-ghrg-fj52
  SharedModels -> D:\Documents\╫⌐╫¿╫ש\╫£╫ש╫₧╫ץ╫ף╫ש╫¥\microservise\server\Shared\SharedModels\bin\Debug\net8.0\SharedModels.dll
  ApiGateway -> D:\Documents\╫⌐╫¿╫ש\╫£╫ש╫₧╫ץ╫ף╫ש╫¥\microservise\server\Gateway\ApiGateway\bin\Debug\net8.0\ApiGateway.dll
  AuthService -> D:\Documents\╫⌐╫¿╫ש\╫£╫ש╫₧╫ץ╫ף╫ש╫¥\microservise\server\Services\AuthService\bin\Debug\net8.0\AuthService.dll
C:\Program Files\dotnet\sdk\10.0.301\Microsoft.Common.CurrentVersion.targets(5397,5): warning MSB3026: Could not copy "D:\Documents\╫⌐╫¿╫ש\╫£╫ש╫₧╫ץ╫ף╫ש╫¥\microservise\server\Services\CatalogService\obj\Debug\net8.0\apphost.exe" to "bin\Debug\net8.0\CatalogService.exe". Beginning retry 1 in 1000ms. The process cannot access the file 'D:\Documents\╫⌐╫¿╫ש\╫£╫ש╫₧╫ץ╫ף╫ש╫¥\microservise\server\Services\CatalogService\bin\Debug\net8.0\CatalogService.exe' because it is being used by another process. The file is locked by: "CatalogService (13580)" [D:\Documents\╫⌐╫¿╫ש\╫£╫ש╫₧╫ץ╫ף╫ש╫¥\microservise\server\Services\CatalogService\CatalogService.csproj]
D:\Documents\╫⌐╫¿╫ש\╫£╫ש╫₧╫ץ╫ף╫ש╫¥\microservise\server\Services\OrderService\Program.cs(57,6): error CS1061: 'IHttpClientBuilder' does not contain a definition for 'AddPolicyHandler' and no accessible extension method 'AddPolicyHandler' accepting a first argument of type 'IHttpClientBuilder' could be found (are you missing a using directive or an assembly reference?) [D:\Documents\╫⌐╫¿╫ש\╫£╫ש╫₧╫ץ╫ף╫ש╫¥\microservise\server\Services\OrderService\OrderService.csproj]
D:\Documents\╫⌐╫¿╫ש\╫£╫ש╫₧╫ץ╫ף╫ש╫¥\microservise\server\Services\OrderService\Program.cs(67,6): error CS1061: 'IHttpClientBuilder' does not contain a definition for 'AddPolicyHandler' and no accessible extension method 'AddPolicyHandler' accepting a first argument of type 'IHttpClientBuilder' could be found (are you missing a using directive or an assembly reference?) [D:\Documents\╫⌐╫¿╫ש\╫£╫ש╫₧╫ץ╫ף╫ש╫¥\microservise\server\Services\OrderService\OrderService.csproj]
D:\Documents\╫⌐╫¿╫ש\╫£╫ש╫₧╫ץ╫ף╫ש╫¥\microservise\server\Services\LotteryService\Program.cs(57,6): error CS1061: 'IHttpClientBuilder' does not contain a definition for 'AddPolicyHandler' and no accessible extension method 'AddPolicyHandler' accepting a first argument of type 'IHttpClientBuilder' could be found (are you missing a using directive or an assembly reference?) [D:\Documents\╫⌐╫¿╫ש\╫£╫ש╫₧╫ץ╫ף╫ש╫¥\microservise\server\Services\LotteryService\LotteryService.csproj]
D:\Documents\╫⌐╫¿╫ש\╫£╫ש╫₧╫ץ╫ף╫ש╫¥\microservise\server\Services\LotteryService\Program.cs(67,6): error CS1061: 'IHttpClientBuilder' does not contain a definition for 'AddPolicyHandler' and no accessible extension method 'AddPolicyHandler' accepting a first argument of type 'IHttpClientBuilder' could be found (are you missing a using directive or an assembly reference?) [D:\Documents\╫⌐╫¿╫ש\╫£╫ש╫₧╫ץ╫ף╫ש╫¥\microservise\server\Services\LotteryService\LotteryService.csproj]
C:\Program Files\dotnet\sdk\10.0.301\Microsoft.Common.CurrentVersion.targets(5397,5): warning MSB3026: Could not copy "D:\Documents\╫⌐╫¿╫ש\╫£╫ש╫₧╫ץ╫ף╫ש╫¥\microservise\server\Services\CatalogService\obj\Debug\net8.0\apphost.exe" to "bin\Debug\net8.0\CatalogService.exe". Beginning retry 2 in 1000ms. The process cannot access the file 'D:\Documents\╫⌐╫¿╫ש\╫£╫ש╫₧╫ץ╫ף╫ש╫¥\microservise\server\Services\CatalogService\bin\Debug\net8.0\CatalogService.exe' because it is being used by another process. The file is locked by: "CatalogService (13580)" [D:\Documents\╫⌐╫¿╫ש\╫£╫ש╫₧╫ץ╫ף╫ש╫¥\microservise\server\Services\CatalogService\CatalogService.csproj]
C:\Program Files\dotnet\sdk\10.0.301\Microsoft.Common.CurrentVersion.targets(5397,5): warning MSB3026: Could not copy "D:\Documents\╫⌐╫¿╫ש\╫£╫ש╫₧╫ץ╫ף╫ש╫¥\microservise\server\Services\CatalogService\obj\Debug\net8.0\apphost.exe" to "bin\Debug\net8.0\CatalogService.exe". Beginning retry 3 in 1000ms. The process cannot access the file 'D:\Documents\╫⌐╫¿╫ש\╫£╫ש╫₧╫ץ╫ף╫ש╫¥\microservise\server\Services\CatalogService\bin\Debug\net8.0\CatalogService.exe' because it is being used by another process. The file is locked by: "CatalogService (13580)" [D:\Documents\╫⌐╫¿╫ש\╫£╫ש╫₧╫ץ╫ף╫ש╫¥\microservise\server\Services\CatalogService\CatalogService.csproj]
C:\Program Files\dotnet\sdk\10.0.301\Microsoft.Common.CurrentVersion.targets(5397,5): warning MSB3026: Could not copy "D:\Documents\╫⌐╫¿╫ש\╫£╫ש╫₧╫ץ╫ף╫ש╫¥\microservise\server\Services\CatalogService\obj\Debug\net8.0\apphost.exe" to "bin\Debug\net8.0\CatalogService.exe". Beginning retry 4 in 1000ms. The process cannot access the file 'D:\Documents\╫⌐╫¿╫ש\╫£╫ש╫₧╫ץ╫ף╫ש╫¥\microservise\server\Services\CatalogService\bin\Debug\net8.0\CatalogService.exe' because it is being used by another process. The file is locked by: "CatalogService (13580)" [D:\Documents\╫⌐╫¿╫ש\╫£╫ש╫₧╫ץ╫ף╫ש╫¥\microservise\server\Services\CatalogService\CatalogService.csproj]
C:\Program Files\dotnet\sdk\10.0.301\Microsoft.Common.CurrentVersion.targets(5397,5): warning MSB3026: Could not copy "D:\Documents\╫⌐╫¿╫ש\╫£╫ש╫₧╫ץ╫ף╫ש╫¥\microservise\server\Services\CatalogService\obj\Debug\net8.0\apphost.exe" to "bin\Debug\net8.0\CatalogService.exe". Beginning retry 5 in 1000ms. The process cannot access the file 'D:\Documents\╫⌐╫¿╫ש\╫£╫ש╫₧╫ץ╫ף╫ש╫¥\microservise\server\Services\CatalogService\bin\Debug\net8.0\CatalogService.exe' because it is being used by another process. The file is locked by: "CatalogService (13580)" [D:\Documents\╫⌐╫¿╫ש\╫£╫ש╫₧╫ץ╫ף╫ש╫¥\microservise\server\Services\CatalogService\CatalogService.csproj]
C:\Program Files\dotnet\sdk\10.0.301\Microsoft.Common.CurrentVersion.targets(5397,5): warning MSB3026: Could not copy "D:\Documents\╫⌐╫¿╫ש\╫£╫ש╫₧╫ץ╫ף╫ש╫¥\microservise\server\Services\CatalogService\obj\Debug\net8.0\apphost.exe" to "bin\Debug\net8.0\CatalogService.exe". Beginning retry 6 in 1000ms. The process cannot access the file 'D:\Documents\╫⌐╫¿╫ש\╫£╫ש╫₧╫ץ╫ף╫ש╫¥\microservise\server\Services\CatalogService\bin\Debug\net8.0\CatalogService.exe' because it is being used by another process. The file is locked by: "CatalogService (13580)" [D:\Documents\╫⌐╫¿╫ש\╫£╫ש╫₧╫ץ╫ף╫ש╫¥\microservise\server\Services\CatalogService\CatalogService.csproj]
C:\Program Files\dotnet\sdk\10.0.301\Microsoft.Common.CurrentVersion.targets(5397,5): warning MSB3026: Could not copy "D:\Documents\╫⌐╫¿╫ש\╫£╫ש╫₧╫ץ╫ף╫ש╫¥\microservise\server\Services\CatalogService\obj\Debug\net8.0\apphost.exe" to "bin\Debug\net8.0\CatalogService.exe". Beginning retry 7 in 1000ms. The process cannot access the file 'D:\Documents\╫⌐╫¿╫ש\╫£╫ש╫₧╫ץ╫ף╫ש╫¥\microservise\server\Services\CatalogService\bin\Debug\net8.0\CatalogService.exe' because it is being used by another process. The file is locked by: "CatalogService (13580)" [D:\Documents\╫⌐╫¿╫ש\╫£╫ש╫₧╫ץ╫ף╫ש╫¥\microservise\server\Services\CatalogService\CatalogService.csproj]
C:\Program Files\dotnet\sdk\10.0.301\Microsoft.Common.CurrentVersion.targets(5397,5): warning MSB3026: Could not copy "D:\Documents\╫⌐╫¿╫ש\╫£╫ש╫₧╫ץ╫ף╫ש╫¥\microservise\server\Services\CatalogService\obj\Debug\net8.0\apphost.exe" to "bin\Debug\net8.0\CatalogService.exe". Beginning retry 8 in 1000ms. The process cannot access the file 'D:\Documents\╫⌐╫¿╫ש\╫£╫ש╫₧╫ץ╫ף╫ש╫¥\microservise\server\Services\CatalogService\bin\Debug\net8.0\CatalogService.exe' because it is being used by another process. The file is locked by: "CatalogService (13580)" [D:\Documents\╫⌐╫¿╫ש\╫£╫ש╫₧╫ץ╫ף╫ש╫¥\microservise\server\Services\CatalogService\CatalogService.csproj]
C:\Program Files\dotnet\sdk\10.0.301\Microsoft.Common.CurrentVersion.targets(5397,5): warning MSB3026: Could not copy "D:\Documents\╫⌐╫¿╫ש\╫£╫ש╫₧╫ץ╫ף╫ש╫¥\microservise\server\Services\CatalogService\obj\Debug\net8.0\apphost.exe" to "bin\Debug\net8.0\CatalogService.exe". Beginning retry 9 in 1000ms. The process cannot access the file 'D:\Documents\╫⌐╫¿╫ש\╫£╫ש╫₧╫ץ╫ף╫ש╫¥\microservise\server\Services\CatalogService\bin\Debug\net8.0\CatalogService.exe' because it is being used by another process. The file is locked by: "CatalogService (13580)" [D:\Documents\╫⌐╫¿╫ש\╫£╫ש╫₧╫ץ╫ף╫ש╫¥\microservise\server\Services\CatalogService\CatalogService.csproj]
C:\Program Files\dotnet\sdk\10.0.301\Microsoft.Common.CurrentVersion.targets(5397,5): warning MSB3026: Could not copy "D:\Documents\╫⌐╫¿╫ש\╫£╫ש╫₧╫ץ╫ף╫ש╫¥\microservise\server\Services\CatalogService\obj\Debug\net8.0\apphost.exe" to "bin\Debug\net8.0\CatalogService.exe". Beginning retry 10 in 1000ms. The process cannot access the file 'D:\Documents\╫⌐╫¿╫ש\╫£╫ש╫₧╫ץ╫ף╫ש╫¥\microservise\server\Services\CatalogService\bin\Debug\net8.0\CatalogService.exe' because it is being used by another process. The file is locked by: "CatalogService (13580)" [D:\Documents\╫⌐╫¿╫ש\╫£╫ש╫₧╫ץ╫ף╫ש╫¥\microservise\server\Services\CatalogService\CatalogService.csproj]
C:\Program Files\dotnet\sdk\10.0.301\Microsoft.Common.CurrentVersion.targets(5397,5): error MSB3027: Could not copy "D:\Documents\╫⌐╫¿╫ש\╫£╫ש╫₧╫ץ╫ף╫ש╫¥\microservise\server\Services\CatalogService\obj\Debug\net8.0\apphost.exe" to "bin\Debug\net8.0\CatalogService.exe". Exceeded retry count of 10. Failed. The file is locked by: "CatalogService (13580)" [D:\Documents\╫⌐╫¿╫ש\╫£╫ש╫₧╫ץ╫ף╫ש╫¥\microservise\server\Services\CatalogService\CatalogService.csproj]
C:\Program Files\dotnet\sdk\10.0.301\Microsoft.Common.CurrentVersion.targets(5397,5): error MSB3021: Unable to copy file "D:\Documents\╫⌐╫¿╫ש\╫£╫ש╫₧╫ץ╫ף╫ש╫¥\microservise\server\Services\CatalogService\obj\Debug\net8.0\apphost.exe" to "bin\Debug\net8.0\CatalogService.exe". The process cannot access the file 'D:\Documents\╫⌐╫¿╫ש\╫£╫ש╫₧╫ץ╫ף╫ש╫¥\microservise\server\Services\CatalogService\bin\Debug\net8.0\CatalogService.exe' because it is being used by another process. [D:\Documents\╫⌐╫¿╫ש\╫£╫ש╫₧╫ץ╫ף╫ש╫¥\microservise\server\Services\CatalogService\CatalogService.csproj]

Build FAILED.

D:\Documents\╫⌐╫¿╫ש\╫£╫ש╫₧╫ץ╫ף╫ש╫¥\microservise\server\Shared\SharedModels\SharedModels.csproj : warning NU1902: Package 'System.IdentityModel.Tokens.Jwt' 7.0.3 has a known moderate severity vulnerability, https://github.com/advisories/GHSA-59j7-ghrg-fj52 [D:\Documents\╫⌐╫¿╫ש\╫£╫ש╫₧╫ץ╫ף╫ש╫¥\microservise\server\mecira-microservices.sln]
D:\Documents\╫⌐╫¿╫ש\╫£╫ש╫₧╫ץ╫ף╫ש╫¥\microservise\server\Shared\SharedModels\SharedModels.csproj : warning NU1902: Package 'System.IdentityModel.Tokens.Jwt' 7.0.3 has a known moderate severity vulnerability, https://github.com/advisories/GHSA-59j7-ghrg-fj52
C:\Program Files\dotnet\sdk\10.0.301\Microsoft.Common.CurrentVersion.targets(5397,5): warning MSB3026: Could not copy "D:\Documents\╫⌐╫¿╫ש\╫£╫ש╫₧╫ץ╫ף╫ש╫¥\microservise\server\Services\CatalogService\obj\Debug\net8.0\apphost.exe" to "bin\Debug\net8.0\CatalogService.exe". Beginning retry 1 in 1000ms. The process cannot access the file 'D:\Documents\╫⌐╫¿╫ש\╫£╫ש╫₧╫ץ╫ף╫ש╫¥\microservise\server\Services\CatalogService\bin\Debug\net8.0\CatalogService.exe' because it is being used by another process. The file is locked by: "CatalogService (13580)" [D:\Documents\╫⌐╫¿╫ש\╫£╫ש╫₧╫ץ╫ף╫ש╫¥\microservise\server\Services\CatalogService\CatalogService.csproj]
C:\Program Files\dotnet\sdk\10.0.301\Microsoft.Common.CurrentVersion.targets(5397,5): warning MSB3026: Could not copy "D:\Documents\╫⌐╫¿╫ש\╫£╫ש╫₧╫ץ╫ף╫ש╫¥\microservise\server\Services\CatalogService\obj\Debug\net8.0\apphost.exe" to "bin\Debug\net8.0\CatalogService.exe". Beginning retry 2 in 1000ms. The process cannot access the file 'D:\Documents\╫⌐╫¿╫ש\╫£╫ש╫₧╫ץ╫ף╫ש╫¥\microservise\server\Services\CatalogService\bin\Debug\net8.0\CatalogService.exe' because it is being used by another process. The file is locked by: "CatalogService (13580)" [D:\Documents\╫⌐╫¿╫ש\╫£╫ש╫₧╫ץ╫ף╫ש╫¥\microservise\server\Services\CatalogService\CatalogService.csproj]
C:\Program Files\dotnet\sdk\10.0.301\Microsoft.Common.CurrentVersion.targets(5397,5): warning MSB3026: Could not copy "D:\Documents\╫⌐╫¿╫ש\╫£╫ש╫₧╫ץ╫ף╫ש╫¥\microservise\server\Services\CatalogService\obj\Debug\net8.0\apphost.exe" to "bin\Debug\net8.0\CatalogService.exe". Beginning retry 3 in 1000ms. The process cannot access the file 'D:\Documents\╫⌐╫¿╫ש\╫£╫ש╫₧╫ץ╫ף╫ש╫¥\microservise\server\Services\CatalogService\bin\Debug\net8.0\CatalogService.exe' because it is being used by another process. The file is locked by: "CatalogService (13580)" [D:\Documents\╫⌐╫¿╫ש\╫£╫ש╫₧╫ץ╫ף╫ש╫¥\microservise\server\Services\CatalogService\CatalogService.csproj]
C:\Program Files\dotnet\sdk\10.0.301\Microsoft.Common.CurrentVersion.targets(5397,5): warning MSB3026: Could not copy "D:\Documents\╫⌐╫¿╫ש\╫£╫ש╫₧╫ץ╫ף╫ש╫¥\microservise\server\Services\CatalogService\obj\Debug\net8.0\apphost.exe" to "bin\Debug\net8.0\CatalogService.exe". Beginning retry 4 in 1000ms. The process cannot access the file 'D:\Documents\╫⌐╫¿╫ש\╫£╫ש╫₧╫ץ╫ף╫ש╫¥\microservise\server\Services\CatalogService\bin\Debug\net8.0\CatalogService.exe' because it is being used by another process. The file is locked by: "CatalogService (13580)" [D:\Documents\╫⌐╫¿╫ש\╫£╫ש╫₧╫ץ╫ף╫ש╫¥\microservise\server\Services\CatalogService\CatalogService.csproj]
C:\Program Files\dotnet\sdk\10.0.301\Microsoft.Common.CurrentVersion.targets(5397,5): warning MSB3026: Could not copy "D:\Documents\╫⌐╫¿╫ש\╫£╫ש╫₧╫ץ╫ף╫ש╫¥\microservise\server\Services\CatalogService\obj\Debug\net8.0\apphost.exe" to "bin\Debug\net8.0\CatalogService.exe". Beginning retry 5 in 1000ms. The process cannot access the file 'D:\Documents\╫⌐╫¿╫ש\╫£╫ש╫₧╫ץ╫ף╫ש╫¥\microservise\server\Services\CatalogService\bin\Debug\net8.0\CatalogService.exe' because it is being used by another process. The file is locked by: "CatalogService (13580)" [D:\Documents\╫⌐╫¿╫ש\╫£╫ש╫₧╫ץ╫ף╫ש╫¥\microservise\server\Services\CatalogService\CatalogService.csproj]
C:\Program Files\dotnet\sdk\10.0.301\Microsoft.Common.CurrentVersion.targets(5397,5): warning MSB3026: Could not copy "D:\Documents\╫⌐╫¿╫ש\╫£╫ש╫₧╫ץ╫ף╫ש╫¥\microservise\server\Services\CatalogService\obj\Debug\net8.0\apphost.exe" to "bin\Debug\net8.0\CatalogService.exe". Beginning retry 6 in 1000ms. The process cannot access the file 'D:\Documents\╫⌐╫¿╫ש\╫£╫ש╫₧╫ץ╫ף╫ש╫¥\microservise\server\Services\CatalogService\bin\Debug\net8.0\CatalogService.exe' because it is being used by another process. The file is locked by: "CatalogService (13580)" [D:\Documents\╫⌐╫¿╫ש\╫£╫ש╫₧╫ץ╫ף╫ש╫¥\microservise\server\Services\CatalogService\CatalogService.csproj]
C:\Program Files\dotnet\sdk\10.0.301\Microsoft.Common.CurrentVersion.targets(5397,5): warning MSB3026: Could not copy "D:\Documents\╫⌐╫¿╫ש\╫£╫ש╫₧╫ץ╫ף╫ש╫¥\microservise\server\Services\CatalogService\obj\Debug\net8.0\apphost.exe" to "bin\Debug\net8.0\CatalogService.exe". Beginning retry 7 in 1000ms. The process cannot access the file 'D:\Documents\╫⌐╫¿╫ש\╫£╫ש╫₧╫ץ╫ף╫ש╫¥\microservise\server\Services\CatalogService\bin\Debug\net8.0\CatalogService.exe' because it is being used by another process. The file is locked by: "CatalogService (13580)" [D:\Documents\╫⌐╫¿╫ש\╫£╫ש╫₧╫ץ╫ף╫ש╫¥\microservise\server\Services\CatalogService\CatalogService.csproj]
C:\Program Files\dotnet\sdk\10.0.301\Microsoft.Common.CurrentVersion.targets(5397,5): warning MSB3026: Could not copy "D:\Documents\╫⌐╫¿╫ש\╫£╫ש╫₧╫ץ╫ף╫ש╫¥\microservise\server\Services\CatalogService\obj\Debug\net8.0\apphost.exe" to "bin\Debug\net8.0\CatalogService.exe". Beginning retry 8 in 1000ms. The process cannot access the file 'D:\Documents\╫⌐╫¿╫ש\╫£╫ש╫₧╫ץ╫ף╫ש╫¥\microservise\server\Services\CatalogService\bin\Debug\net8.0\CatalogService.exe' because it is being used by another process. The file is locked by: "CatalogService (13580)" [D:\Documents\╫⌐╫¿╫ש\╫£╫ש╫₧╫ץ╫ף╫ש╫¥\microservise\server\Services\CatalogService\CatalogService.csproj]
C:\Program Files\dotnet\sdk\10.0.301\Microsoft.Common.CurrentVersion.targets(5397,5): warning MSB3026: Could not copy "D:\Documents\╫⌐╫¿╫ש\╫£╫ש╫₧╫ץ╫ף╫ש╫¥\microservise\server\Services\CatalogService\obj\Debug\net8.0\apphost.exe" to "bin\Debug\net8.0\CatalogService.exe". Beginning retry 9 in 1000ms. The process cannot access the file 'D:\Documents\╫⌐╫¿╫ש\╫£╫ש╫₧╫ץ╫ף╫ש╫¥\microservise\server\Services\CatalogService\bin\Debug\net8.0\CatalogService.exe' because it is being used by another process. The file is locked by: "CatalogService (13580)" [D:\Documents\╫⌐╫¿╫ש\╫£╫ש╫₧╫ץ╫ף╫ש╫¥\microservise\server\Services\CatalogService\CatalogService.csproj]
C:\Program Files\dotnet\sdk\10.0.301\Microsoft.Common.CurrentVersion.targets(5397,5): warning MSB3026: Could not copy "D:\Documents\╫⌐╫¿╫ש\╫£╫ש╫₧╫ץ╫ף╫ש╫¥\microservise\server\Services\CatalogService\obj\Debug\net8.0\apphost.exe" to "bin\Debug\net8.0\CatalogService.exe". Beginning retry 10 in 1000ms. The process cannot access the file 'D:\Documents\╫⌐╫¿╫ש\╫£╫ש╫₧╫ץ╫ף╫ש╫¥\microservise\server\Services\CatalogService\bin\Debug\net8.0\CatalogService.exe' because it is being used by another process. The file is locked by: "CatalogService (13580)" [D:\Documents\╫⌐╫¿╫ש\╫£╫ש╫₧╫ץ╫ף╫ש╫¥\microservise\server\Services\CatalogService\CatalogService.csproj]
D:\Documents\╫⌐╫¿╫ש\╫£╫ש╫₧╫ץ╫ף╫ש╫¥\microservise\server\Services\OrderService\Program.cs(57,6): error CS1061: 'IHttpClientBuilder' does not contain a definition for 'AddPolicyHandler' and no accessible extension method 'AddPolicyHandler' accepting a first argument of type 'IHttpClientBuilder' could be found (are you missing a using directive or an assembly reference?) [D:\Documents\╫⌐╫¿╫ש\╫£╫ש╫₧╫ץ╫ף╫ש╫¥\microservise\server\Services\OrderService\OrderService.csproj]
D:\Documents\╫⌐╫¿╫ש\╫£╫ש╫₧╫ץ╫ף╫ש╫¥\microservise\server\Services\OrderService\Program.cs(67,6): error CS1061: 'IHttpClientBuilder' does not contain a definition for 'AddPolicyHandler' and no accessible extension method 'AddPolicyHandler' accepting a first argument of type 'IHttpClientBuilder' could be found (are you missing a using directive or an assembly reference?) [D:\Documents\╫⌐╫¿╫ש\╫£╫ש╫₧╫ץ╫ף╫ש╫¥\microservise\server\Services\OrderService\OrderService.csproj]
D:\Documents\╫⌐╫¿╫ש\╫£╫ש╫₧╫ץ╫ף╫ש╫¥\microservise\server\Services\LotteryService\Program.cs(57,6): error CS1061: 'IHttpClientBuilder' does not contain a definition for 'AddPolicyHandler' and no accessible extension method 'AddPolicyHandler' accepting a first argument of type 'IHttpClientBuilder' could be found (are you missing a using directive or an assembly reference?) [D:\Documents\╫⌐╫¿╫ש\╫£╫ש╫₧╫ץ╫ף╫ש╫¥\microservise\server\Services\LotteryService\LotteryService.csproj]
D:\Documents\╫⌐╫¿╫ש\╫£╫ש╫₧╫ץ╫ף╫ש╫¥\microservise\server\Services\LotteryService\Program.cs(67,6): error CS1061: 'IHttpClientBuilder' does not contain a definition for 'AddPolicyHandler' and no accessible extension method 'AddPolicyHandler' accepting a first argument of type 'IHttpClientBuilder' could be found (are you missing a using directive or an assembly reference?) [D:\Documents\╫⌐╫¿╫ש\╫£╫ש╫₧╫ץ╫ף╫ש╫¥\microservise\server\Services\LotteryService\LotteryService.csproj]
C:\Program Files\dotnet\sdk\10.0.301\Microsoft.Common.CurrentVersion.targets(5397,5): error MSB3027: Could not copy "D:\Documents\╫⌐╫¿╫ש\╫£╫ש╫₧╫ץ╫ף╫ש╫¥\microservise\server\Services\CatalogService\obj\Debug\net8.0\apphost.exe" to "bin\Debug\net8.0\CatalogService.exe". Exceeded retry count of 10. Failed. The file is locked by: "CatalogService (13580)" [D:\Documents\╫⌐╫¿╫ש\╫£╫ש╫₧╫ץ╫ף╫ש╫¥\microservise\server\Services\CatalogService\CatalogService.csproj]
C:\Program Files\dotnet\sdk\10.0.301\Microsoft.Common.CurrentVersion.targets(5397,5): error MSB3021: Unable to copy file "D:\Documents\╫⌐╫¿╫ש\╫£╫ש╫₧╫ץ╫ף╫ש╫¥\microservise\server\Services\CatalogService\obj\Debug\net8.0\apphost.exe" to "bin\Debug\net8.0\CatalogService.exe". The process cannot access the file 'D:\Documents\╫⌐╫¿╫ש\╫£╫ש╫₧╫ץ╫ף╫ש╫¥\microservise\server\Services\CatalogService\bin\Debug\net8.0\CatalogService.exe' because it is being used by another process. [D:\Documents\╫⌐╫¿╫ש\╫£╫ש╫₧╫ץ╫ף╫ש╫¥\microservise\server\Services\CatalogService\CatalogService.csproj]
    12 Warning(s)
    6 Error(s)

Time Elapsed 00:00:14.92
